[2026-07-14T04:48:55.710Z] PostgreSQL disconnected: 
Invalid `prisma.$queryRawUnsafe()` invocation:


error: Environment variable not found: ONLINE_DATABASE_URL.
  -->  schema.prisma:10
   | 
 9 |   provider = "postgresql"
10 |   url      = env("ONLINE_DATABASE_URL")
   | 

Validation Error Count: 1
[2026-07-14T04:48:55.911Z] PostgreSQL disconnected: 
Invalid `prisma.$queryRawUnsafe()` invocation:


error: Environment variable not found: ONLINE_DATABASE_URL.
  -->  schema.prisma:10
   | 
 9 |   provider = "postgresql"
10 |   url      = env("ONLINE_DATABASE_URL")
   | 

Validation Error Count: 1
[2026-07-14T05:06:29.385Z] PostgreSQL disconnected: 
Invalid `prisma.$queryRawUnsafe()` invocation:


error: Environment variable not found: ONLINE_DATABASE_URL.
  -->  schema.prisma:10
   | 
 9 |   provider = "postgresql"
10 |   url      = env("ONLINE_DATABASE_URL")
   | 

Validation Error Count: 1
[2026-07-14T05:06:29.579Z] PostgreSQL disconnected: 
Invalid `prisma.$queryRawUnsafe()` invocation:


error: Environment variable not found: ONLINE_DATABASE_URL.
  -->  schema.prisma:10
   | 
 9 |   provider = "postgresql"
10 |   url      = env("ONLINE_DATABASE_URL")
   | 

Validation Error Count: 1
[2026-07-14T05:06:43.670Z] PostgreSQL disconnected: 
Invalid `prisma.$queryRawUnsafe()` invocation:


error: Environment variable not found: ONLINE_DATABASE_URL.
  -->  schema.prisma:10
   | 
 9 |   provider = "postgresql"
10 |   url      = env("ONLINE_DATABASE_URL")
   | 

Validation Error Count: 1
[2026-07-14T05:06:43.861Z] PostgreSQL disconnected: 
Invalid `prisma.$queryRawUnsafe()` invocation:


error: Environment variable not found: ONLINE_DATABASE_URL.
  -->  schema.prisma:10
   | 
 9 |   provider = "postgresql"
10 |   url      = env("ONLINE_DATABASE_URL")
   | 

Validation Error Count: 1
[2026-07-14T05:06:46.966Z] PostgreSQL disconnected: 
Invalid `prisma.$queryRawUnsafe()` invocation:


error: Environment variable not found: ONLINE_DATABASE_URL.
  -->  schema.prisma:10
   | 
 9 |   provider = "postgresql"
10 |   url      = env("ONLINE_DATABASE_URL")
   | 

Validation Error Count: 1
[2026-07-14T05:06:47.151Z] PostgreSQL disconnected: 
Invalid `prisma.$queryRawUnsafe()` invocation:


error: Environment variable not found: ONLINE_DATABASE_URL.
  -->  schema.prisma:10
   | 
 9 |   provider = "postgresql"
10 |   url      = env("ONLINE_DATABASE_URL")
   | 

Validation Error Count: 1
[2026-07-14T05:12:26.116Z] PostgreSQL disconnected: 
Invalid `prisma.$queryRawUnsafe()` invocation:


error: Environment variable not found: ONLINE_DATABASE_URL.
  -->  schema.prisma:10
   | 
 9 |   provider = "postgresql"
10 |   url      = env("ONLINE_DATABASE_URL")
   | 

Validation Error Count: 1
[2026-07-14T05:12:26.325Z] PostgreSQL disconnected: 
Invalid `prisma.$queryRawUnsafe()` invocation:


error: Environment variable not found: ONLINE_DATABASE_URL.
  -->  schema.prisma:10
   | 
 9 |   provider = "postgresql"
10 |   url      = env("ONLINE_DATABASE_URL")
   | 

Validation Error Count: 1
[2026-07-14T05:14:13.143Z] PostgreSQL disconnected: 
Invalid `prisma.$queryRawUnsafe()` invocation:


error: Environment variable not found: ONLINE_DATABASE_URL.
  -->  schema.prisma:10
   | 
 9 |   provider = "postgresql"
10 |   url      = env("ONLINE_DATABASE_URL")
   | 

Validation Error Count: 1
[2026-07-14T05:14:38.823Z] PostgreSQL disconnected: 
Invalid `prisma.$queryRawUnsafe()` invocation:


error: Environment variable not found: ONLINE_DATABASE_URL.
  -->  schema.prisma:10
   | 
 9 |   provider = "postgresql"
10 |   url      = env("ONLINE_DATABASE_URL")
   | 

Validation Error Count: 1
[2026-07-14T05:14:39.012Z] PostgreSQL disconnected: 
Invalid `prisma.$queryRawUnsafe()` invocation:


error: Environment variable not found: ONLINE_DATABASE_URL.
  -->  schema.prisma:10
   | 
 9 |   provider = "postgresql"
10 |   url      = env("ONLINE_DATABASE_URL")
   | 

Validation Error Count: 1
[2026-07-14T05:16:22.276Z] PostgreSQL disconnected: 
Invalid `prisma.$queryRawUnsafe()` invocation:


error: Environment variable not found: ONLINE_DATABASE_URL.
  -->  schema.prisma:10
   | 
 9 |   provider = "postgresql"
10 |   url      = env("ONLINE_DATABASE_URL")
   | 

Validation Error Count: 1
[2026-07-14T05:16:22.466Z] PostgreSQL disconnected: 
Invalid `prisma.$queryRawUnsafe()` invocation:


error: Environment variable not found: ONLINE_DATABASE_URL.
  -->  schema.prisma:10
   | 
 9 |   provider = "postgresql"
10 |   url      = env("ONLINE_DATABASE_URL")
   | 

Validation Error Count: 1
[2026-07-14T05:17:11.744Z] PostgreSQL disconnected: 
Invalid `prisma.$queryRawUnsafe()` invocation:


error: Environment variable not found: ONLINE_DATABASE_URL.
  -->  schema.prisma:10
   | 
 9 |   provider = "postgresql"
10 |   url      = env("ONLINE_DATABASE_URL")
   | 

Validation Error Count: 1
[2026-07-14T05:17:11.979Z] PostgreSQL disconnected: 
Invalid `prisma.$queryRawUnsafe()` invocation:


error: Environment variable not found: ONLINE_DATABASE_URL.
  -->  schema.prisma:10
   | 
 9 |   provider = "postgresql"
10 |   url      = env("ONLINE_DATABASE_URL")
   | 

Validation Error Count: 1
[2026-07-14T05:21:18.775Z] PostgreSQL disconnected: 
Invalid `prisma.$queryRawUnsafe()` invocation:


error: Environment variable not found: ONLINE_DATABASE_URL.
  -->  schema.prisma:10
   | 
 9 |   provider = "postgresql"
10 |   url      = env("ONLINE_DATABASE_URL")
   | 

Validation Error Count: 1
[2026-07-14T06:25:42.479Z] PostgreSQL disconnected: 
Invalid `prisma.$queryRawUnsafe()` invocation:


error: Environment variable not found: ONLINE_DATABASE_URL.
  -->  schema.prisma:10
   | 
 9 |   provider = "postgresql"
10 |   url      = env("ONLINE_DATABASE_URL")
   | 

Validation Error Count: 1
[2026-07-14T06:25:42.681Z] PostgreSQL disconnected: 
Invalid `prisma.$queryRawUnsafe()` invocation:


error: Environment variable not found: ONLINE_DATABASE_URL.
  -->  schema.prisma:10
   | 
 9 |   provider = "postgresql"
10 |   url      = env("ONLINE_DATABASE_URL")
   | 

Validation Error Count: 1
[2026-07-14T06:27:47.682Z] PostgreSQL disconnected: 
Invalid `prisma.$queryRawUnsafe()` invocation:


error: Environment variable not found: ONLINE_DATABASE_URL.
  -->  schema.prisma:10
   | 
 9 |   provider = "postgresql"
10 |   url      = env("ONLINE_DATABASE_URL")
   | 

Validation Error Count: 1
[2026-07-14T06:27:47.884Z] PostgreSQL disconnected: 
Invalid `prisma.$queryRawUnsafe()` invocation:


error: Environment variable not found: ONLINE_DATABASE_URL.
  -->  schema.prisma:10
   | 
 9 |   provider = "postgresql"
10 |   url      = env("ONLINE_DATABASE_URL")
   | 

Validation Error Count: 1
[2026-07-14T06:27:51.253Z] PostgreSQL disconnected: 
Invalid `prisma.$queryRawUnsafe()` invocation:


error: Environment variable not found: ONLINE_DATABASE_URL.
  -->  schema.prisma:10
   | 
 9 |   provider = "postgresql"
10 |   url      = env("ONLINE_DATABASE_URL")
   | 

Validation Error Count: 1
[2026-07-14T06:27:51.470Z] PostgreSQL disconnected: 
Invalid `prisma.$queryRawUnsafe()` invocation:


error: Environment variable not found: ONLINE_DATABASE_URL.
  -->  schema.prisma:10
   | 
 9 |   provider = "postgresql"
10 |   url      = env("ONLINE_DATABASE_URL")
   | 

Validation Error Count: 1
[2026-07-14T06:28:58.562Z] PostgreSQL disconnected: 
Invalid `prisma.$queryRawUnsafe()` invocation:


error: Environment variable not found: ONLINE_DATABASE_URL.
  -->  schema.prisma:10
   | 
 9 |   provider = "postgresql"
10 |   url      = env("ONLINE_DATABASE_URL")
   | 

Validation Error Count: 1
[2026-07-14T06:28:58.773Z] PostgreSQL disconnected: 
Invalid `prisma.$queryRawUnsafe()` invocation:


error: Environment variable not found: ONLINE_DATABASE_URL.
  -->  schema.prisma:10
   | 
 9 |   provider = "postgresql"
10 |   url      = env("ONLINE_DATABASE_URL")
   | 

Validation Error Count: 1
[2026-07-14T06:33:13.883Z] PostgreSQL disconnected: 
Invalid `prisma.$queryRawUnsafe()` invocation:


error: Environment variable not found: ONLINE_DATABASE_URL.
  -->  schema.prisma:10
   | 
 9 |   provider = "postgresql"
10 |   url      = env("ONLINE_DATABASE_URL")
   | 

Validation Error Count: 1
[2026-07-14T06:33:14.087Z] PostgreSQL disconnected: 
Invalid `prisma.$queryRawUnsafe()` invocation:


error: Environment variable not found: ONLINE_DATABASE_URL.
  -->  schema.prisma:10
   | 
 9 |   provider = "postgresql"
10 |   url      = env("ONLINE_DATABASE_URL")
   | 

Validation Error Count: 1
[2026-07-14T06:37:44.520Z] PostgreSQL disconnected: 
Invalid `prisma.$queryRawUnsafe()` invocation:


error: Environment variable not found: ONLINE_DATABASE_URL.
  -->  schema.prisma:10
   | 
 9 |   provider = "postgresql"
10 |   url      = env("ONLINE_DATABASE_URL")
   | 

Validation Error Count: 1
[2026-07-14T06:37:44.736Z] PostgreSQL disconnected: 
Invalid `prisma.$queryRawUnsafe()` invocation:


error: Environment variable not found: ONLINE_DATABASE_URL.
  -->  schema.prisma:10
   | 
 9 |   provider = "postgresql"
10 |   url      = env("ONLINE_DATABASE_URL")
   | 

Validation Error Count: 1
[2026-07-14T06:38:05.505Z] PostgreSQL disconnected: 
Invalid `prisma.$queryRawUnsafe()` invocation:


error: Environment variable not found: ONLINE_DATABASE_URL.
  -->  schema.prisma:10
   | 
 9 |   provider = "postgresql"
10 |   url      = env("ONLINE_DATABASE_URL")
   | 

Validation Error Count: 1
[2026-07-14T06:38:05.752Z] PostgreSQL disconnected: 
Invalid `prisma.$queryRawUnsafe()` invocation:


error: Environment variable not found: ONLINE_DATABASE_URL.
  -->  schema.prisma:10
   | 
 9 |   provider = "postgresql"
10 |   url      = env("ONLINE_DATABASE_URL")
   | 

Validation Error Count: 1
[2026-07-14T06:43:04.289Z] PostgreSQL disconnected: 
Invalid `prisma.$queryRawUnsafe()` invocation:


error: Environment variable not found: ONLINE_DATABASE_URL.
  -->  schema.prisma:10
   | 
 9 |   provider = "postgresql"
10 |   url      = env("ONLINE_DATABASE_URL")
   | 

Validation Error Count: 1
[2026-07-14T06:43:04.496Z] PostgreSQL disconnected: 
Invalid `prisma.$queryRawUnsafe()` invocation:


error: Environment variable not found: ONLINE_DATABASE_URL.
  -->  schema.prisma:10
   | 
 9 |   provider = "postgresql"
10 |   url      = env("ONLINE_DATABASE_URL")
   | 

Validation Error Count: 1
[2026-07-14T06:44:53.237Z] PostgreSQL disconnected: 
Invalid `prisma.$queryRawUnsafe()` invocation:


error: Environment variable not found: ONLINE_DATABASE_URL.
  -->  schema.prisma:10
   | 
 9 |   provider = "postgresql"
10 |   url      = env("ONLINE_DATABASE_URL")
   | 

Validation Error Count: 1
[2026-07-14T06:44:53.499Z] PostgreSQL disconnected: 
Invalid `prisma.$queryRawUnsafe()` invocation:


error: Environment variable not found: ONLINE_DATABASE_URL.
  -->  schema.prisma:10
   | 
 9 |   provider = "postgresql"
10 |   url      = env("ONLINE_DATABASE_URL")
   | 

Validation Error Count: 1
[2026-07-14T06:44:57.969Z] PostgreSQL disconnected: 
Invalid `prisma.$queryRawUnsafe()` invocation:


error: Environment variable not found: ONLINE_DATABASE_URL.
  -->  schema.prisma:10
   | 
 9 |   provider = "postgresql"
10 |   url      = env("ONLINE_DATABASE_URL")
   | 

Validation Error Count: 1
[2026-07-14T06:44:58.170Z] PostgreSQL disconnected: 
Invalid `prisma.$queryRawUnsafe()` invocation:


error: Environment variable not found: ONLINE_DATABASE_URL.
  -->  schema.prisma:10
   | 
 9 |   provider = "postgresql"
10 |   url      = env("ONLINE_DATABASE_URL")
   | 

Validation Error Count: 1
[2026-07-14T06:45:27.258Z] PostgreSQL disconnected: 
Invalid `prisma.$queryRawUnsafe()` invocation:


error: Environment variable not found: ONLINE_DATABASE_URL.
  -->  schema.prisma:10
   | 
 9 |   provider = "postgresql"
10 |   url      = env("ONLINE_DATABASE_URL")
   | 

Validation Error Count: 1
[2026-07-14T06:45:27.466Z] PostgreSQL disconnected: 
Invalid `prisma.$queryRawUnsafe()` invocation:


error: Environment variable not found: ONLINE_DATABASE_URL.
  -->  schema.prisma:10
   | 
 9 |   provider = "postgresql"
10 |   url      = env("ONLINE_DATABASE_URL")
   | 

Validation Error Count: 1
[2026-07-14T06:45:34.632Z] PostgreSQL disconnected: 
Invalid `prisma.$queryRawUnsafe()` invocation:


error: Environment variable not found: ONLINE_DATABASE_URL.
  -->  schema.prisma:10
   | 
 9 |   provider = "postgresql"
10 |   url      = env("ONLINE_DATABASE_URL")
   | 

Validation Error Count: 1
[2026-07-14T06:45:34.823Z] PostgreSQL disconnected: 
Invalid `prisma.$queryRawUnsafe()` invocation:


error: Environment variable not found: ONLINE_DATABASE_URL.
  -->  schema.prisma:10
   | 
 9 |   provider = "postgresql"
10 |   url      = env("ONLINE_DATABASE_URL")
   | 

Validation Error Count: 1
[2026-07-14T06:47:49.655Z] PostgreSQL disconnected: 
Invalid `prisma.$queryRawUnsafe()` invocation:


error: Environment variable not found: ONLINE_DATABASE_URL.
  -->  schema.prisma:10
   | 
 9 |   provider = "postgresql"
10 |   url      = env("ONLINE_DATABASE_URL")
   | 

Validation Error Count: 1
[2026-07-14T06:47:49.845Z] PostgreSQL disconnected: 
Invalid `prisma.$queryRawUnsafe()` invocation:


error: Environment variable not found: ONLINE_DATABASE_URL.
  -->  schema.prisma:10
   | 
 9 |   provider = "postgresql"
10 |   url      = env("ONLINE_DATABASE_URL")
   | 

Validation Error Count: 1
[2026-07-14T06:48:20.450Z] PostgreSQL disconnected: 
Invalid `prisma.$queryRawUnsafe()` invocation:


error: Environment variable not found: ONLINE_DATABASE_URL.
  -->  schema.prisma:10
   | 
 9 |   provider = "postgresql"
10 |   url      = env("ONLINE_DATABASE_URL")
   | 

Validation Error Count: 1
[2026-07-14T06:48:20.648Z] PostgreSQL disconnected: 
Invalid `prisma.$queryRawUnsafe()` invocation:


error: Environment variable not found: ONLINE_DATABASE_URL.
  -->  schema.prisma:10
   | 
 9 |   provider = "postgresql"
10 |   url      = env("ONLINE_DATABASE_URL")
   | 

Validation Error Count: 1
[2026-07-14T06:49:42.755Z] PostgreSQL disconnected: 
Invalid `prisma.$queryRawUnsafe()` invocation:


error: Environment variable not found: ONLINE_DATABASE_URL.
  -->  schema.prisma:10
   | 
 9 |   provider = "postgresql"
10 |   url      = env("ONLINE_DATABASE_URL")
   | 

Validation Error Count: 1
[2026-07-14T06:50:16.586Z] PostgreSQL disconnected: 
Invalid `prisma.$queryRawUnsafe()` invocation:


error: Environment variable not found: ONLINE_DATABASE_URL.
  -->  schema.prisma:10
   | 
 9 |   provider = "postgresql"
10 |   url      = env("ONLINE_DATABASE_URL")
   | 

Validation Error Count: 1
[2026-07-14T06:50:16.781Z] PostgreSQL disconnected: 
Invalid `prisma.$queryRawUnsafe()` invocation:


error: Environment variable not found: ONLINE_DATABASE_URL.
  -->  schema.prisma:10
   | 
 9 |   provider = "postgresql"
10 |   url      = env("ONLINE_DATABASE_URL")
   | 

Validation Error Count: 1
[2026-07-14T06:51:39.421Z] PostgreSQL disconnected: 
Invalid `prisma.$queryRawUnsafe()` invocation:


error: Environment variable not found: ONLINE_DATABASE_URL.
  -->  schema.prisma:10
   | 
 9 |   provider = "postgresql"
10 |   url      = env("ONLINE_DATABASE_URL")
   | 

Validation Error Count: 1
[2026-07-14T06:51:39.615Z] PostgreSQL disconnected: 
Invalid `prisma.$queryRawUnsafe()` invocation:


error: Environment variable not found: ONLINE_DATABASE_URL.
  -->  schema.prisma:10
   | 
 9 |   provider = "postgresql"
10 |   url      = env("ONLINE_DATABASE_URL")
   | 

Validation Error Count: 1
[2026-07-14T06:51:43.360Z] PostgreSQL disconnected: 
Invalid `prisma.$queryRawUnsafe()` invocation:


error: Environment variable not found: ONLINE_DATABASE_URL.
  -->  schema.prisma:10
   | 
 9 |   provider = "postgresql"
10 |   url      = env("ONLINE_DATABASE_URL")
   | 

Validation Error Count: 1
[2026-07-14T06:51:43.553Z] PostgreSQL disconnected: 
Invalid `prisma.$queryRawUnsafe()` invocation:


error: Environment variable not found: ONLINE_DATABASE_URL.
  -->  schema.prisma:10
   | 
 9 |   provider = "postgresql"
10 |   url      = env("ONLINE_DATABASE_URL")
   | 

Validation Error Count: 1
[2026-07-14T06:51:56.341Z] PostgreSQL disconnected: 
Invalid `prisma.$queryRawUnsafe()` invocation:


error: Environment variable not found: ONLINE_DATABASE_URL.
  -->  schema.prisma:10
   | 
 9 |   provider = "postgresql"
10 |   url      = env("ONLINE_DATABASE_URL")
   | 

Validation Error Count: 1
[2026-07-14T06:51:56.533Z] PostgreSQL disconnected: 
Invalid `prisma.$queryRawUnsafe()` invocation:


error: Environment variable not found: ONLINE_DATABASE_URL.
  -->  schema.prisma:10
   | 
 9 |   provider = "postgresql"
10 |   url      = env("ONLINE_DATABASE_URL")
   | 

Validation Error Count: 1
[2026-07-14T06:56:26.076Z] PostgreSQL disconnected: 
Invalid `prisma.$queryRawUnsafe()` invocation:


error: Environment variable not found: ONLINE_DATABASE_URL.
  -->  schema.prisma:10
   | 
 9 |   provider = "postgresql"
10 |   url      = env("ONLINE_DATABASE_URL")
   | 

Validation Error Count: 1
[2026-07-14T06:56:26.266Z] PostgreSQL disconnected: 
Invalid `prisma.$queryRawUnsafe()` invocation:


error: Environment variable not found: ONLINE_DATABASE_URL.
  -->  schema.prisma:10
   | 
 9 |   provider = "postgresql"
10 |   url      = env("ONLINE_DATABASE_URL")
   | 

Validation Error Count: 1
[2026-07-14T06:56:42.332Z] PostgreSQL disconnected: 
Invalid `prisma.$queryRawUnsafe()` invocation:


error: Environment variable not found: ONLINE_DATABASE_URL.
  -->  schema.prisma:10
   | 
 9 |   provider = "postgresql"
10 |   url      = env("ONLINE_DATABASE_URL")
   | 

Validation Error Count: 1
[2026-07-14T06:56:42.567Z] PostgreSQL disconnected: 
Invalid `prisma.$queryRawUnsafe()` invocation:


error: Environment variable not found: ONLINE_DATABASE_URL.
  -->  schema.prisma:10
   | 
 9 |   provider = "postgresql"
10 |   url      = env("ONLINE_DATABASE_URL")
   | 

Validation Error Count: 1
[2026-07-14T09:21:58.320Z] PostgreSQL disconnected: 
Invalid `prisma.$queryRawUnsafe()` invocation:


The provided database string is invalid. Error parsing connection string: empty host in database URL. Please refer to the documentation in https://www.prisma.io/docs/reference/database-reference/connection-urls for constructing a correct connection string. In some cases, certain characters must be escaped. Please check the string for any illegal characters.
[2026-07-14T09:21:58.448Z] PostgreSQL disconnected: 
Invalid `prisma.$queryRawUnsafe()` invocation:


The provided database string is invalid. Error parsing connection string: empty host in database URL. Please refer to the documentation in https://www.prisma.io/docs/reference/database-reference/connection-urls for constructing a correct connection string. In some cases, certain characters must be escaped. Please check the string for any illegal characters.
[2026-07-15T04:25:55.535Z] PostgreSQL disconnected: 
Invalid `prisma.$queryRawUnsafe()` invocation:


The provided database string is invalid. Error parsing connection string: empty host in database URL. Please refer to the documentation in https://www.prisma.io/docs/reference/database-reference/connection-urls for constructing a correct connection string. In some cases, certain characters must be escaped. Please check the string for any illegal characters.
[2026-07-15T04:25:55.674Z] PostgreSQL disconnected: 
Invalid `prisma.$queryRawUnsafe()` invocation:


The provided database string is invalid. Error parsing connection string: empty host in database URL. Please refer to the documentation in https://www.prisma.io/docs/reference/database-reference/connection-urls for constructing a correct connection string. In some cases, certain characters must be escaped. Please check the string for any illegal characters.
[2026-07-15T04:26:02.345Z] PostgreSQL disconnected: 
Invalid `prisma.$queryRawUnsafe()` invocation:


The provided database string is invalid. Error parsing connection string: empty host in database URL. Please refer to the documentation in https://www.prisma.io/docs/reference/database-reference/connection-urls for constructing a correct connection string. In some cases, certain characters must be escaped. Please check the string for any illegal characters.
[2026-07-15T04:26:02.884Z] PostgreSQL disconnected: 
Invalid `prisma.$queryRawUnsafe()` invocation:


The provided database string is invalid. Error parsing connection string: empty host in database URL. Please refer to the documentation in https://www.prisma.io/docs/reference/database-reference/connection-urls for constructing a correct connection string. In some cases, certain characters must be escaped. Please check the string for any illegal characters.
[2026-07-15T07:55:28.604Z] PostgreSQL disconnected: 
Invalid `prisma.$queryRawUnsafe()` invocation:


The provided database string is invalid. Error parsing connection string: empty host in database URL. Please refer to the documentation in https://www.prisma.io/docs/reference/database-reference/connection-urls for constructing a correct connection string. In some cases, certain characters must be escaped. Please check the string for any illegal characters.
[2026-07-15T07:55:28.749Z] PostgreSQL disconnected: 
Invalid `prisma.$queryRawUnsafe()` invocation:


The provided database string is invalid. Error parsing connection string: empty host in database URL. Please refer to the documentation in https://www.prisma.io/docs/reference/database-reference/connection-urls for constructing a correct connection string. In some cases, certain characters must be escaped. Please check the string for any illegal characters.
[2026-07-15T07:58:16.439Z] PostgreSQL disconnected: 
Invalid `prisma.$queryRawUnsafe()` invocation:


The provided database string is invalid. Error parsing connection string: empty host in database URL. Please refer to the documentation in https://www.prisma.io/docs/reference/database-reference/connection-urls for constructing a correct connection string. In some cases, certain characters must be escaped. Please check the string for any illegal characters.
[2026-07-15T07:58:16.600Z] PostgreSQL disconnected: 
Invalid `prisma.$queryRawUnsafe()` invocation:


The provided database string is invalid. Error parsing connection string: empty host in database URL. Please refer to the documentation in https://www.prisma.io/docs/reference/database-reference/connection-urls for constructing a correct connection string. In some cases, certain characters must be escaped. Please check the string for any illegal characters.
[2026-07-15T08:30:05.043Z] PostgreSQL disconnected: 
Invalid `prisma.$queryRawUnsafe()` invocation:


The provided database string is invalid. Error parsing connection string: empty host in database URL. Please refer to the documentation in https://www.prisma.io/docs/reference/database-reference/connection-urls for constructing a correct connection string. In some cases, certain characters must be escaped. Please check the string for any illegal characters.
[2026-07-15T08:30:05.235Z] PostgreSQL disconnected: 
Invalid `prisma.$queryRawUnsafe()` invocation:


The provided database string is invalid. Error parsing connection string: empty host in database URL. Please refer to the documentation in https://www.prisma.io/docs/reference/database-reference/connection-urls for constructing a correct connection string. In some cases, certain characters must be escaped. Please check the string for any illegal characters.
[2026-07-15T08:59:24.760Z] PostgreSQL disconnected: Cannot read properties of null (reading '$queryRawUnsafe')
[2026-07-15T08:59:24.908Z] PostgreSQL disconnected: Cannot read properties of null (reading '$queryRawUnsafe')
[2026-07-15T08:59:37.243Z] PostgreSQL disconnected: Cannot read properties of null (reading '$queryRawUnsafe')
[2026-07-15T08:59:39.994Z] PostgreSQL disconnected: Cannot read properties of null (reading '$queryRawUnsafe')
